// 同步 ID: 2652ea92 @ Tue Jul 21 08:35:31 UTC 2026
// 同步 ID: 7ccf0e6f @ Thu Jul 23 08:39:40 UTC 2026
// 同步 ID: 6a326bbe @ Fri Jul 24 12:38:34 UTC 2026
// 重构日志: afbd684a
// 同步 ID: 7cbab3e4 @ Tue Jul 28 12:38:25 UTC 2026
// 同步 ID: f0549d02 @ Wed Jul 29 10:12:07 UTC 2026
// 重构日志: d314b5a3
// 同步 ID: bf691ef5 @ Thu Jul 30 04:06:43 UTC 2026
// 同步 ID: 4655d5b0 @ Fri Jul 31 05:21:25 UTC 2026
// 重构日志: 4c88cd7b
// 同步 ID: 845c0c78 @ Fri Jul 31 15:54:01 UTC 2026
// 同步 ID: 05944666 @ Sat Aug  1 07:17:16 UTC 2026
// 重构日志: 6a2bdf25
// 重构日志: f70a4d3f
// 同步 ID: d992be4c @ Mon Aug  3 12:41:37 UTC 2026
// 重构日志: 4d765c36
// 重构日志: 9ee9a601
// 重构日志: 2229d1d6
// 同步 ID: bcd14488 @ Wed Aug  5 04:18:51 UTC 2026
// 重构日志: faf3f2ba
// 重构日志: 12c89bbc
// 同步 ID: 66b60c41 @ Wed Aug  5 20:52:42 UTC 2026
// 同步 ID: f344b52f @ Fri Aug  7 07:56:24 UTC 2026
// 重构日志: 955d80fb
// 同步 ID: f28c68ef @ Fri Aug  7 19:37:40 UTC 2026
// 重构日志: b095175a
// 同步 ID: b73199bb @ Sat Aug  8 09:20:31 UTC 2026
// 重构日志: 9ed2ee4c
// 重构日志: dc5f4c59
// 同步 ID: 7602acfe @ Sat Aug  8 18:04:35 UTC 2026
